<svg xmlns="http://www.w3.org/2000/svg" width="99" height="18">
    <linearGradient id="smooth" x2="0" y2="100%">
        <stop offset="0"  stop-color="#fff" stop-opacity=".7"/>
        <stop offset=".1" stop-color="#aaa" stop-opacity=".1"/>
        <stop offset=".9" stop-color="#000" stop-opacity=".3"/>
        <stop offset="1"  stop-color="#000" stop-opacity=".5"/>
    </linearGradient>
    <rect rx="4" width="99" height="18" fill="#555555"/>
    <rect rx="4" x="62" width="37" height="18" fill="#e05d44"/>
    <rect x="62" width="4" height="18" fill="#e05d44"/>
    <rect rx="4" width="99" height="18" fill="url(#smooth)"/>
    <g fill="#fff" text-anchor="middle" font-family="DejaVu Sans,Verdana,Geneva,sans-serif" font-size="11">
        <text x="32" y="13" fill="#010101" fill-opacity=".3">Alt Three</text>
        <text x="32" y="12">Alt Three</text>
        <text x="79.5" y="13" fill="#010101" fill-opacity=".3">Dead</text>
        <text x="79.5" y="12">Dead</text>
    </g>
</svg>
