<svg xmlns="http://www.w3.org/2000/svg" xmlns:xlink="http://www.w3.org/1999/xlink" width="134" height="20">
  <style type="text/css"><![CDATA[
    #llink:hover { fill:url(#b); stroke:#ccc; }
    #rlink:hover { fill:#a4a61d; }
  ]]></style>
  <linearGradient id="a" x2="0" y2="100%">
    <stop offset="0" stop-color="#fcfcfc" stop-opacity="0"/>
    <stop offset="1" stop-opacity=".1"/>
  </linearGradient>
  <linearGradient id="b" x2="0" y2="100%">
    <stop offset="0" stop-color="#ccc" stop-opacity=".1"/>
    <stop offset="1" stop-opacity=".1"/>
  </linearGradient>
  <g stroke="#d5d5d5">
    <rect stroke="none" fill="#fcfcfc" x="0.5" y="0.5" width="62" height="19" rx="2"/>
    <rect y="0.5" x="68" width="65" height="19" rx="2" fill="#fafafa"/>
    <rect x="68" y="7.5" width="0.5" height="5" stroke="#fafafa"/>
    <path d="M68.5 6.5 l-3 3v1 l3 3" stroke="d5d5d5" fill="#fafafa"/>
  </g>
  <g fill="#333" text-anchor="middle" font-family="Helvetica Neue,Helvetica,Arial,sans-serif" font-weight="700" font-size="11px" line-height="14px">
    <text x="32" y="15" fill="#fff">Alt Three</text>
    <text x="32" y="14">Alt Three</text>
    <text x="100.5" y="15" fill="#fff">Awesome</text>
    <text x="100.5" y="14">Awesome</text>
  </g>
  <a xlink:href="undefined">
      <rect id="llink" stroke="#d5d5d5" fill="url(#a)" x=".5" y=".5" width="62" height="19" rx="2"/>
  </a>
</svg>
