<svg xmlns="http://www.w3.org/2000/svg" width="78" height="18">
    <linearGradient id="smooth" x2="0" y2="100%">
        <stop offset="0"  stop-color="#fff" stop-opacity=".7"/>
        <stop offset=".1" stop-color="#aaa" stop-opacity=".1"/>
        <stop offset=".9" stop-color="#000" stop-opacity=".3"/>
        <stop offset="1"  stop-color="#000" stop-opacity=".5"/>
    </linearGradient>
    <rect rx="4" width="78" height="18" fill="#555555"/>
    <rect rx="4" x="49" width="29" height="18" fill="#007ec6"/>
    <rect x="49" width="4" height="18" fill="#007ec6"/>
    <rect rx="4" width="78" height="18" fill="url(#smooth)"/>
    <g fill="#fff" text-anchor="middle" font-family="DejaVu Sans,Verdana,Geneva,sans-serif" font-size="11">
        <text x="25.5" y="13" fill="#010101" fill-opacity=".3">license</text>
        <text x="25.5" y="12">license</text>
        <text x="62.5" y="13" fill="#010101" fill-opacity=".3">MIT</text>
        <text x="62.5" y="12">MIT</text>
    </g>
</svg>
