<svg xmlns="http://www.w3.org/2000/svg" width="127" height="20">
    <linearGradient id="b" x2="0" y2="100%">
        <stop offset="0" stop-color="#bbb" stop-opacity=".1"/>
        <stop offset="1" stop-opacity=".1"/>
    </linearGradient>
    <mask id="a">
        <rect width="127" height="20" rx="0" fill="#fff"/>
    </mask>
    <g mask="url(#a)">
        <rect width="62" height="20" fill="#555"/>
        <rect x="62" width="65" height="20" fill="#4c1"/>
        <rect width="127" height="20" fill="url(#b)"/>
    </g>
    <g fill="#fff" text-anchor="middle" font-family="DejaVu Sans,Verdana,Geneva,sans-serif" font-size="11">
        <text x="32" y="15" fill="#010101" fill-opacity=".3">Alt Three</text>
        <text x="32" y="14">Alt Three</text>
        <text x="93.5" y="15" fill="#010101" fill-opacity=".3">Awesome</text>
        <text x="93.5" y="14">Awesome</text>
    </g>
</svg>
